# -*-compilation-*-
Processing `X:/Random-sheet-music-generator/test.ly'
Parsing...
X:/Random-sheet-music-generator/test.ly:1: warning: no \version statement found, please add

\version "2.22.1"

for future compatibility
Interpreting music...[8][16][24][32][40][48][56][64][72][80][88][96]
Preprocessing graphical objects...
Finding the ideal number of pages...
Fitting music on 1 page...
Drawing systems...
Converting to `/Random-sheet-music-generator/test.pdf'...
Success: compilation successfully completed
